<testsuites id="" name="" tests="1" failures="0" skipped="0" errors="0" time="14.023867000000001">
<testsuite name="upload.spec.js" timestamp="2025-10-27T22:50:24.309Z" hostname="chromium" tests="1" failures="0" skipped="0" time="10.407" errors="0">
<testcase name="Full document workflow: upload, search, filter, view, edit, delete" classname="upload.spec.js" time="10.407">
<system-out>
<![CDATA[🌐 Navigating to login page...
📧 Typing email...
🔑 Typing password...
🚪 Clicking Sign In...
⏳ Waiting for login success...
✅ Login successful!
📁 Navigating to 'Upload' tab...
✅ Upload page loaded.
📎 Uploading sample document...
✅ File uploaded successfully!
]]>
</system-out>
</testcase>
</testsuite>
</testsuites>